app/evaluation/[refNo]/page.tsx(715,1): error TS1005: '}' expected.
